// Jest Snapshot v1, https://goo.gl/fbAQLP

exports[`Testing <TodoEmpty /> should match with snapshot 1`] = `
<div>
  <div
    class="todo-empty__container d-flex flex-column align-items-center animate__animated animate__fadeIn"
  >
    <img
      alt="Clipboard image"
      height="auto"
      src="/assets/clipboard.svg"
      width="56px"
    />
    <h3
      class="text-center color-gray-300"
    >
      Congratulations! 
      <br />
      <span
        class="fw-regular"
      >
         You have finished your pendings
      </span>
    </h3>
  </div>
</div>
`;
